✅ Loaded existing treasury keypair
Treasury Public Key: J6WSyszoPYRTXbkPTDqYWWvfzj6Rw9LGxTum2isJ9o4R

⏳ Requesting SOL airdrop...
Server responded with 429 Too Many Requests.  Retrying after 500ms delay...
Server responded with 429 Too Many Requests.  Retrying after 1000ms delay...
Server responded with 429 Too Many Requests.  Retrying after 2000ms delay...
Server responded with 429 Too Many Requests.  Retrying after 4000ms delay...
⚠️  Airdrop may have failed (rate limit), checking balance...
Treasury Balance: 5 SOL

⏳ Creating SLT token...
✅ SLT_MINT: 568KGSKVz6PmBwt6wRHwP7z4fnaJjs2SvH9teWyvMwtu

⏳ Creating USDC-MOCK token...
✅ USDC_MOCK_MINT: 3DpkjPCSogq2GLsWdPccQ7js8AqsLe9T6XXhyKBG4Sqo

⏳ Minting initial SLT supply...
✅ Minted 1,000,000 SLT to treasury

⏳ Minting initial USDC-MOCK supply...
✅ Minted 100,000 USDC-MOCK to treasury

============================================================
📋 COPY THESE VALUES TO backend/.env:
============================================================
SOLANA_TREASURY_PUBKEY="J6WSyszoPYRTXbkPTDqYWWvfzj6Rw9LGxTum2isJ9o4R"
SOLANA_SLT_MINT="568KGSKVz6PmBwt6wRHwP7z4fnaJjs2SvH9teWyvMwtu"
SOLANA_USDC_MOCK_MINT="3DpkjPCSogq2GLsWdPccQ7js8AqsLe9T6XXhyKBG4Sqo"
============================================================

✅ Setup complete! Update your .env file and restart the backend.
